EN turncount NULL C:/Users/Earth/Documents/ei/Blackjack/turnCount.vhf sub01/vhpl116 1480978795
EN initrandom NULL C:/Users/Earth/Documents/ei/Blackjack/initRandom.vhf sub00/vhpl56 1480978719
AR cardto7_muser_main behavioral C:/Users/Earth/Documents/ei/Blackjack/Main.vhf sub00/vhpl03 1480978686
AR cb4cle_mxilinx_score behavioral C:/Users/Earth/Documents/ei/Blackjack/score.vhf sub01/vhpl185 1480978764
EN ftrse_mxilinx_frequenzy NULL C:/Users/Earth/Documents/ei/Blackjack/frequenzy.vhf sub00/vhpl10 1480978645
AR oneto13cnt_muser_main behavioral C:/Users/Earth/Documents/ei/Blackjack/Main.vhf sub00/vhpl27 1480978706
AR m8_1e_mxilinx_main behavioral C:/Users/Earth/Documents/ei/Blackjack/Main.vhf sub00/vhpl45 1480978700
AR cb4ce_mxilinx_main behavioral C:/Users/Earth/Documents/ei/Blackjack/Main.vhf sub00/vhpl23 1480978666
EN m2_1_mxilinx_playercard NULL C:/Users/Earth/Documents/ei/Blackjack/playerCard.vhf sub00/vhpl68 1480978737
AR d3_8e_mxilinx_main behavioral C:/Users/Earth/Documents/ei/Blackjack/Main.vhf sub00/vhpl75 1480978688
AR cardto7 behavioral C:/Users/Earth/Documents/ei/Blackjack/CardTo7.vhf sub00/vhpl05 1480978710
AR ftce_mxilinx_turncount behavioral C:/Users/Earth/Documents/ei/Blackjack/turnCount.vhf sub01/vhpl113 1480978792
EN bcd_7seg NULL C:/Users/Earth/Documents/ei/Blackjack/BCD_7SEG.vhf sub01/vhpl156 1480978639
AR m2_1_mxilinx_score behavioral C:/Users/Earth/Documents/ei/Blackjack/score.vhf sub01/vhpl181 1480978760
AR cb8re_mxilinx_frequenzy behavioral C:/Users/Earth/Documents/ei/Blackjack/frequenzy.vhf sub00/vhpl13 1480978648
AR score behavioral C:/Users/Earth/Documents/ei/Blackjack/score.vhf sub01/vhpl173 1480978778
AR mod5cnt_muser_main behavioral C:/Users/Earth/Documents/ei/Blackjack/Main.vhf sub00/vhpl41 1480811143
AR d2_4e_mxilinx_score behavioral C:/Users/Earth/Documents/ei/Blackjack/score.vhf sub01/vhpl165 1480978770
EN ftclex_mxilinx_main NULL C:/Users/Earth/Documents/ei/Blackjack/Main.vhf sub01/vhpl174 1480978659
EN sr4cle_mxilinx_playercard NULL C:/Users/Earth/Documents/ei/Blackjack/playerCard.vhf sub00/vhpl70 1480978749
EN cb4ce_mxilinx_sevensegdriver NULL C:/Users/Earth/Documents/ei/Blackjack/sevensegDriver.vhf sub00/vhpl90 1480978785
AR mod10_muser_main behavioral C:/Users/Earth/Documents/ei/Blackjack/Main.vhf sub01/vhpl129 1480978696
AR sr4cle_mxilinx_playercard behavioral C:/Users/Earth/Documents/ei/Blackjack/playerCard.vhf sub00/vhpl71 1480978750
EN or7_mxilinx_bcd_7seg NULL C:/Users/Earth/Documents/ei/Blackjack/BCD_7SEG.vhf sub01/vhpl152 1480978635
AR ftce_mxilinx_sevensegdriver behavioral C:/Users/Earth/Documents/ei/Blackjack/sevensegDriver.vhf sub00/vhpl87 1480978782
EN sevensegdriver NULL C:/Users/Earth/Documents/ei/Blackjack/sevensegDriver.vhf sub00/vhpl92 1480978787
AR or7_mxilinx_bcd_7seg behavioral C:/Users/Earth/Documents/ei/Blackjack/BCD_7SEG.vhf sub01/vhpl153 1480978636
AR cb2ce_mxilinx_frequenzy behavioral C:/Users/Earth/Documents/ei/Blackjack/frequenzy.vhf sub00/vhpl17 1480978652
AR main behavioral C:/Users/Earth/Documents/ei/Blackjack/Main.vhf sub00/vhpl01 1480978708
AR m2_1e_mxilinx_playercard behavioral C:/Users/Earth/Documents/ei/Blackjack/playerCard.vhf sub00/vhpl65 1480978752
EN oneto13cnt_muser_main NULL C:/Users/Earth/Documents/ei/Blackjack/Main.vhf sub00/vhpl26 1480978705
AR m4_1e_mxilinx_score behavioral C:/Users/Earth/Documents/ei/Blackjack/score.vhf sub01/vhpl171 1480978776
AR ftrse_mxilinx_frequenzy behavioral C:/Users/Earth/Documents/ei/Blackjack/frequenzy.vhf sub00/vhpl11 1480978646
AR ftce_mxilinx_mod5cnt behavioral C:/Users/Earth/Documents/ei/Blackjack/mod5cnt.vhf sub00/vhpl59 1480811165
EN m2_1_mxilinx_mod5cnt NULL C:/Users/Earth/Documents/ei/Blackjack/mod5cnt.vhf sub00/vhpl78 1480810931
EN mod5cnt NULL C:/Users/Earth/Documents/ei/Blackjack/mod5cnt.vhf sub00/vhpl62 1480811168
EN compm4_mxilinx_mod10 NULL C:/Users/Earth/Documents/ei/Blackjack/mod10.vhf sub01/vhpl144 1480978801
AR compm8_mxilinx_main behavioral C:/Users/Earth/Documents/ei/Blackjack/Main.vhf sub01/vhpl123 1480978680
EN m4_1e_mxilinx_score NULL C:/Users/Earth/Documents/ei/Blackjack/score.vhf sub01/vhpl170 1480978775
AR compm8_mxilinx_playercard behavioral C:/Users/Earth/Documents/ei/Blackjack/playerCard.vhf sub01/vhpl131 1480978748
AR cb4ce_mxilinx_oneto13cnt behavioral C:/Users/Earth/Documents/ei/Blackjack/oneto13cnt.vhf sub00/vhpl37 1480978734
EN ftce_mxilinx_mod5cnt NULL C:/Users/Earth/Documents/ei/Blackjack/mod5cnt.vhf sub00/vhpl58 1480811164
AR sr4cle_mxilinx_main behavioral C:/Users/Earth/Documents/ei/Blackjack/Main.vhf sub00/vhpl31 1480978698
AR sevensegdriver behavioral C:/Users/Earth/Documents/ei/Blackjack/sevensegDriver.vhf sub00/vhpl93 1480978788
EN cb2ce_mxilinx_score NULL C:/Users/Earth/Documents/ei/Blackjack/score.vhf sub01/vhpl166 1480978771
AR cb2ce_mxilinx_mod3cnt behavioral C:/Users/Earth/Documents/ei/Blackjack/mod3cnt.vhf sub01/vhpl105 1480978724
EN compm8_mxilinx_main NULL C:/Users/Earth/Documents/ei/Blackjack/Main.vhf sub01/vhpl122 1480978679
AR compm4_mxilinx_playercard behavioral C:/Users/Earth/Documents/ei/Blackjack/playerCard.vhf sub01/vhpl135 1480978740
AR cb4ce_mxilinx_score behavioral C:/Users/Earth/Documents/ei/Blackjack/score.vhf sub01/vhpl163 1480978768
EN ftce_mxilinx_frequenzy NULL C:/Users/Earth/Documents/ei/Blackjack/frequenzy.vhf sub00/vhpl14 1480978649
EN cb4ce_mxilinx_mod5cnt NULL C:/Users/Earth/Documents/ei/Blackjack/mod5cnt.vhf sub00/vhpl60 1480811166
EN cardto7_muser_main NULL C:/Users/Earth/Documents/ei/Blackjack/Main.vhf sub00/vhpl02 1480978685
EN cb2ce_mxilinx_mod3cnt NULL C:/Users/Earth/Documents/ei/Blackjack/mod3cnt.vhf sub01/vhpl104 1480978723
EN add4_mxilinx_main NULL C:/Users/Earth/Documents/ei/Blackjack/Main.vhf sub00/vhpl24 1480978655
AR add4_mxilinx_playercard behavioral C:/Users/Earth/Documents/ei/Blackjack/playerCard.vhf sub01/vhpl139 1480978742
EN score_muser_main NULL C:/Users/Earth/Documents/ei/Blackjack/Main.vhf sub01/vhpl158 1480978675
EN ftce_mxilinx_oneto13cnt NULL C:/Users/Earth/Documents/ei/Blackjack/oneto13cnt.vhf sub00/vhpl34 1480978731
AR ftce_mxilinx_main behavioral C:/Users/Earth/Documents/ei/Blackjack/Main.vhf sub00/vhpl21 1480978664
AR mod5cnt behavioral C:/Users/Earth/Documents/ei/Blackjack/mod5cnt.vhf sub00/vhpl63 1480811169
AR m2_1_mxilinx_mod5cnt behavioral C:/Users/Earth/Documents/ei/Blackjack/mod5cnt.vhf sub00/vhpl79 1480810932
AR cb2ce_mxilinx_turncount behavioral C:/Users/Earth/Documents/ei/Blackjack/turnCount.vhf sub01/vhpl115 1480978794
AR compm4_mxilinx_main behavioral C:/Users/Earth/Documents/ei/Blackjack/Main.vhf sub01/vhpl127 1480978692
EN cb2ce_mxilinx_turncount NULL C:/Users/Earth/Documents/ei/Blackjack/turnCount.vhf sub01/vhpl114 1480978793
EN playercard NULL C:/Users/Earth/Documents/ei/Blackjack/playerCard.vhf sub00/vhpl72 1480978755
EN mod10 NULL C:/Users/Earth/Documents/ei/Blackjack/mod10.vhf sub01/vhpl146 1480978803
AR m2_1_mxilinx_mod10 behavioral C:/Users/Earth/Documents/ei/Blackjack/mod10.vhf sub01/vhpl141 1480978798
AR playercard behavioral C:/Users/Earth/Documents/ei/Blackjack/playerCard.vhf sub00/vhpl73 1480978756
AR mod10 behavioral C:/Users/Earth/Documents/ei/Blackjack/mod10.vhf sub01/vhpl147 1480978804
AR d3_8e_mxilinx_sevensegdriver behavioral C:/Users/Earth/Documents/ei/Blackjack/sevensegDriver.vhf sub00/vhpl85 1480978780
EN d2_4e_mxilinx_main NULL C:/Users/Earth/Documents/ei/Blackjack/Main.vhf sub00/vhpl96 1480978667
EN d2_4e_mxilinx_turncount NULL C:/Users/Earth/Documents/ei/Blackjack/turnCount.vhf sub01/vhpl110 1480978789
EN m2_1_mxilinx_main NULL C:/Users/Earth/Documents/ei/Blackjack/Main.vhf sub00/vhpl28 1480978657
AR sevensegdriver_muser_main behavioral C:/Users/Earth/Documents/ei/Blackjack/Main.vhf sub00/vhpl83 1480978690
EN add4_mxilinx_initrandom NULL C:/Users/Earth/Documents/ei/Blackjack/initRandom.vhf sub00/vhpl50 1480978713
AR cb4ce_mxilinx_sevensegdriver behavioral C:/Users/Earth/Documents/ei/Blackjack/sevensegDriver.vhf sub00/vhpl91 1480978786
EN score NULL C:/Users/Earth/Documents/ei/Blackjack/score.vhf sub01/vhpl172 1480978777
AR adsu4_mxilinx_mod10 behavioral C:/Users/Earth/Documents/ei/Blackjack/mod10.vhf sub01/vhpl143 1480978800
EN or8_mxilinx_bcd_7seg NULL C:/Users/Earth/Documents/ei/Blackjack/BCD_7SEG.vhf sub01/vhpl150 1480978633
AR m2_1e_mxilinx_score behavioral C:/Users/Earth/Documents/ei/Blackjack/score.vhf sub01/vhpl169 1480978774
EN oneto13cnt NULL C:/Users/Earth/Documents/ei/Blackjack/oneto13cnt.vhf sub00/vhpl38 1480978735
AR frequenzy behavioral C:/Users/Earth/Documents/ei/Blackjack/frequenzy.vhf sub00/vhpl19 1480978654
EN m4_1e_mxilinx_main NULL C:/Users/Earth/Documents/ei/Blackjack/Main.vhf sub00/vhpl94 1480978673
AR compm4_mxilinx_mod10 behavioral C:/Users/Earth/Documents/ei/Blackjack/mod10.vhf sub01/vhpl145 1480978802
AR adsu4_mxilinx_main behavioral C:/Users/Earth/Documents/ei/Blackjack/Main.vhf sub01/vhpl125 1480978694
AR add4_mxilinx_main behavioral C:/Users/Earth/Documents/ei/Blackjack/Main.vhf sub00/vhpl25 1480978656
EN cb4ce_mxilinx_initrandom NULL C:/Users/Earth/Documents/ei/Blackjack/initRandom.vhf sub00/vhpl54 1480978717
EN m8_1e_mxilinx_main NULL C:/Users/Earth/Documents/ei/Blackjack/Main.vhf sub00/vhpl44 1480978699
AR add4_mxilinx_initrandom behavioral C:/Users/Earth/Documents/ei/Blackjack/initRandom.vhf sub00/vhpl51 1480978714
EN sevensegdriver_muser_main NULL C:/Users/Earth/Documents/ei/Blackjack/Main.vhf sub00/vhpl82 1480978689
AR score_muser_main behavioral C:/Users/Earth/Documents/ei/Blackjack/Main.vhf sub01/vhpl159 1480978676
EN adsu4_mxilinx_mod10 NULL C:/Users/Earth/Documents/ei/Blackjack/mod10.vhf sub01/vhpl142 1480978799
EN debounce NULL C:/Users/Earth/Documents/ei/Blackjack/debounce.vhf sub01/vhpl120 1480978711
EN main NULL C:/Users/Earth/Documents/ei/Blackjack/Main.vhf sub00/vhpl00 1480978707
EN frequenzy NULL C:/Users/Earth/Documents/ei/Blackjack/frequenzy.vhf sub00/vhpl18 1480978653
EN mod5cnt_muser_main NULL C:/Users/Earth/Documents/ei/Blackjack/Main.vhf sub00/vhpl40 1480811142
AR m2_1_mxilinx_playercard behavioral C:/Users/Earth/Documents/ei/Blackjack/playerCard.vhf sub00/vhpl69 1480978738
AR initrandom behavioral C:/Users/Earth/Documents/ei/Blackjack/initRandom.vhf sub00/vhpl57 1480978720
AR m4_1e_mxilinx_main behavioral C:/Users/Earth/Documents/ei/Blackjack/Main.vhf sub00/vhpl95 1480978674
EN m8_1e_mxilinx_playercard NULL C:/Users/Earth/Documents/ei/Blackjack/playerCard.vhf sub00/vhpl66 1480978753
AR d2_4e_mxilinx_turncount behavioral C:/Users/Earth/Documents/ei/Blackjack/turnCount.vhf sub01/vhpl111 1480978790
AR or8_mxilinx_bcd_7seg behavioral C:/Users/Earth/Documents/ei/Blackjack/BCD_7SEG.vhf sub01/vhpl151 1480978634
AR add4_mxilinx_score behavioral C:/Users/Earth/Documents/ei/Blackjack/score.vhf sub01/vhpl179 1480978758
EN mod10_muser_playercard NULL C:/Users/Earth/Documents/ei/Blackjack/playerCard.vhf sub01/vhpl136 1480978745
EN cb4ce_mxilinx_main NULL C:/Users/Earth/Documents/ei/Blackjack/Main.vhf sub00/vhpl22 1480978665
EN add4_mxilinx_score NULL C:/Users/Earth/Documents/ei/Blackjack/score.vhf sub01/vhpl178 1480978757
AR ftce_mxilinx_initrandom behavioral C:/Users/Earth/Documents/ei/Blackjack/initRandom.vhf sub00/vhpl53 1480978716
EN ftce_mxilinx_sevensegdriver NULL C:/Users/Earth/Documents/ei/Blackjack/sevensegDriver.vhf sub00/vhpl86 1480978781
AR ftclex_mxilinx_score behavioral C:/Users/Earth/Documents/ei/Blackjack/score.vhf sub01/vhpl183 1480978762
EN playercard_muser_main NULL C:/Users/Earth/Documents/ei/Blackjack/Main.vhf sub00/vhpl46 1480978701
EN mod10_muser_main NULL C:/Users/Earth/Documents/ei/Blackjack/Main.vhf sub01/vhpl128 1480978695
AR turncount behavioral C:/Users/Earth/Documents/ei/Blackjack/turnCount.vhf sub01/vhpl117 1480978796
AR ftce_mxilinx_mod3cnt behavioral C:/Users/Earth/Documents/ei/Blackjack/mod3cnt.vhf sub01/vhpl103 1480978722
EN d2_4e_mxilinx_mod3cnt NULL C:/Users/Earth/Documents/ei/Blackjack/mod3cnt.vhf sub01/vhpl106 1480978725
EN ftclex_mxilinx_score NULL C:/Users/Earth/Documents/ei/Blackjack/score.vhf sub01/vhpl182 1480978761
EN sr4cle_mxilinx_main NULL C:/Users/Earth/Documents/ei/Blackjack/Main.vhf sub00/vhpl30 1480978697
AR cb4ce_mxilinx_mod5cnt behavioral C:/Users/Earth/Documents/ei/Blackjack/mod5cnt.vhf sub00/vhpl61 1480811167
EN cardto7 NULL C:/Users/Earth/Documents/ei/Blackjack/CardTo7.vhf sub00/vhpl04 1480978709
AR and6_mxilinx_frequenzy behavioral C:/Users/Earth/Documents/ei/Blackjack/frequenzy.vhf sub00/vhpl07 1480978642
EN cb2ce_mxilinx_main NULL C:/Users/Earth/Documents/ei/Blackjack/Main.vhf sub00/vhpl80 1480978669
EN compm4_mxilinx_main NULL C:/Users/Earth/Documents/ei/Blackjack/Main.vhf sub01/vhpl126 1480978691
AR bcd_7seg behavioral C:/Users/Earth/Documents/ei/Blackjack/BCD_7SEG.vhf sub01/vhpl157 1480978640
AR ftclex_mxilinx_main behavioral C:/Users/Earth/Documents/ei/Blackjack/Main.vhf sub01/vhpl175 1480978660
EN and6_mxilinx_frequenzy NULL C:/Users/Earth/Documents/ei/Blackjack/frequenzy.vhf sub00/vhpl06 1480978641
EN or9_mxilinx_bcd_7seg NULL C:/Users/Earth/Documents/ei/Blackjack/BCD_7SEG.vhf sub01/vhpl154 1480978637
EN m2_1e_mxilinx_score NULL C:/Users/Earth/Documents/ei/Blackjack/score.vhf sub01/vhpl168 1480978773
AR debounce behavioral C:/Users/Earth/Documents/ei/Blackjack/debounce.vhf sub01/vhpl121 1480978712
EN m2_1e_mxilinx_playercard NULL C:/Users/Earth/Documents/ei/Blackjack/playerCard.vhf sub00/vhpl64 1480978751
EN d3_8e_mxilinx_mod5cnt NULL C:/Users/Earth/Documents/ei/Blackjack/mod5cnt.vhf sub00/vhpl76 1480811162
EN ftce_mxilinx_score NULL C:/Users/Earth/Documents/ei/Blackjack/score.vhf sub01/vhpl160 1480978765
EN initrandom_muser_main NULL C:/Users/Earth/Documents/ei/Blackjack/Main.vhf sub00/vhpl48 1480978703
EN add4_mxilinx_playercard NULL C:/Users/Earth/Documents/ei/Blackjack/playerCard.vhf sub01/vhpl138 1480978741
EN ftce_mxilinx_main NULL C:/Users/Earth/Documents/ei/Blackjack/Main.vhf sub00/vhpl20 1480978663
AR debounce_muser_main behavioral C:/Users/Earth/Documents/ei/Blackjack/Main.vhf sub01/vhpl119 1480978678
AR mod3cnt behavioral C:/Users/Earth/Documents/ei/Blackjack/mod3cnt.vhf sub01/vhpl109 1480978728
EN cb4cle_mxilinx_main NULL C:/Users/Earth/Documents/ei/Blackjack/Main.vhf sub01/vhpl176 1480978661
AR d2_4e_mxilinx_main behavioral C:/Users/Earth/Documents/ei/Blackjack/Main.vhf sub00/vhpl97 1480978668
AR turncount_muser_main behavioral C:/Users/Earth/Documents/ei/Blackjack/Main.vhf sub01/vhpl101 1480978684
EN cb4ce_mxilinx_score NULL C:/Users/Earth/Documents/ei/Blackjack/score.vhf sub01/vhpl162 1480978767
AR or6_mxilinx_bcd_7seg behavioral C:/Users/Earth/Documents/ei/Blackjack/BCD_7SEG.vhf sub01/vhpl149 1480978632
AR initrandom_muser_main behavioral C:/Users/Earth/Documents/ei/Blackjack/Main.vhf sub00/vhpl49 1480978704
EN d3_8e_mxilinx_main NULL C:/Users/Earth/Documents/ei/Blackjack/Main.vhf sub00/vhpl74 1480978687
EN add4_mxilinx_oneto13cnt NULL C:/Users/Earth/Documents/ei/Blackjack/oneto13cnt.vhf sub00/vhpl32 1480978729
AR cb4ce_mxilinx_initrandom behavioral C:/Users/Earth/Documents/ei/Blackjack/initRandom.vhf sub00/vhpl55 1480978718
EN turncount_muser_main NULL C:/Users/Earth/Documents/ei/Blackjack/Main.vhf sub01/vhpl100 1480978683
EN ftce_mxilinx_turncount NULL C:/Users/Earth/Documents/ei/Blackjack/turnCount.vhf sub01/vhpl112 1480978791
AR cb4cle_mxilinx_main behavioral C:/Users/Earth/Documents/ei/Blackjack/Main.vhf sub01/vhpl177 1480978662
EN d3_8e_mxilinx_sevensegdriver NULL C:/Users/Earth/Documents/ei/Blackjack/sevensegDriver.vhf sub00/vhpl84 1480978779
AR cb2ce_mxilinx_sevensegdriver behavioral C:/Users/Earth/Documents/ei/Blackjack/sevensegDriver.vhf sub00/vhpl89 1480978784
AR d2_4e_mxilinx_mod3cnt behavioral C:/Users/Earth/Documents/ei/Blackjack/mod3cnt.vhf sub01/vhpl107 1480978726
AR m2_1e_mxilinx_main behavioral C:/Users/Earth/Documents/ei/Blackjack/Main.vhf sub00/vhpl43 1480978672
EN cb2ce_mxilinx_frequenzy NULL C:/Users/Earth/Documents/ei/Blackjack/frequenzy.vhf sub00/vhpl16 1480978651
AR m8_1e_mxilinx_playercard behavioral C:/Users/Earth/Documents/ei/Blackjack/playerCard.vhf sub00/vhpl67 1480978754
EN cb4ce_mxilinx_oneto13cnt NULL C:/Users/Earth/Documents/ei/Blackjack/oneto13cnt.vhf sub00/vhpl36 1480978733
EN cb4cle_mxilinx_score NULL C:/Users/Earth/Documents/ei/Blackjack/score.vhf sub01/vhpl184 1480978763
EN or6_mxilinx_bcd_7seg NULL C:/Users/Earth/Documents/ei/Blackjack/BCD_7SEG.vhf sub01/vhpl148 1480978631
AR mod3cnt_muser_main behavioral C:/Users/Earth/Documents/ei/Blackjack/Main.vhf sub00/vhpl99 1480978682
EN adsu4_mxilinx_main NULL C:/Users/Earth/Documents/ei/Blackjack/Main.vhf sub01/vhpl124 1480978693
AR cd4ce_mxilinx_frequenzy behavioral C:/Users/Earth/Documents/ei/Blackjack/frequenzy.vhf sub00/vhpl09 1480978644
AR playercard_muser_main behavioral C:/Users/Earth/Documents/ei/Blackjack/Main.vhf sub00/vhpl47 1480978702
AR add4_mxilinx_oneto13cnt behavioral C:/Users/Earth/Documents/ei/Blackjack/oneto13cnt.vhf sub00/vhpl33 1480978730
EN cb2ce_mxilinx_sevensegdriver NULL C:/Users/Earth/Documents/ei/Blackjack/sevensegDriver.vhf sub00/vhpl88 1480978783
EN debounce_muser_main NULL C:/Users/Earth/Documents/ei/Blackjack/Main.vhf sub01/vhpl118 1480978677
AR or9_mxilinx_bcd_7seg behavioral C:/Users/Earth/Documents/ei/Blackjack/BCD_7SEG.vhf sub01/vhpl155 1480978638
AR m2_1_mxilinx_main behavioral C:/Users/Earth/Documents/ei/Blackjack/Main.vhf sub00/vhpl29 1480978658
EN d2_4e_mxilinx_score NULL C:/Users/Earth/Documents/ei/Blackjack/score.vhf sub01/vhpl164 1480978769
EN ftce_mxilinx_initrandom NULL C:/Users/Earth/Documents/ei/Blackjack/initRandom.vhf sub00/vhpl52 1480978715
AR ftce_mxilinx_frequenzy behavioral C:/Users/Earth/Documents/ei/Blackjack/frequenzy.vhf sub00/vhpl15 1480978650
EN m2_1_mxilinx_mod10 NULL C:/Users/Earth/Documents/ei/Blackjack/mod10.vhf sub01/vhpl140 1480978797
AR cb2ce_mxilinx_main behavioral C:/Users/Earth/Documents/ei/Blackjack/Main.vhf sub00/vhpl81 1480978670
EN mod3cnt NULL C:/Users/Earth/Documents/ei/Blackjack/mod3cnt.vhf sub01/vhpl108 1480978727
EN m2_1e_mxilinx_main NULL C:/Users/Earth/Documents/ei/Blackjack/Main.vhf sub00/vhpl42 1480978671
AR d3_8e_mxilinx_mod5cnt behavioral C:/Users/Earth/Documents/ei/Blackjack/mod5cnt.vhf sub00/vhpl77 1480811163
EN mod3cnt_muser_main NULL C:/Users/Earth/Documents/ei/Blackjack/Main.vhf sub00/vhpl98 1480978681
AR adsu4_mxilinx_playercard behavioral C:/Users/Earth/Documents/ei/Blackjack/playerCard.vhf sub01/vhpl133 1480978744
EN compm8_mxilinx_playercard NULL C:/Users/Earth/Documents/ei/Blackjack/playerCard.vhf sub01/vhpl130 1480978747
EN cb8re_mxilinx_frequenzy NULL C:/Users/Earth/Documents/ei/Blackjack/frequenzy.vhf sub00/vhpl12 1480978647
EN ftce_mxilinx_mod3cnt NULL C:/Users/Earth/Documents/ei/Blackjack/mod3cnt.vhf sub01/vhpl102 1480978721
EN m2_1_mxilinx_score NULL C:/Users/Earth/Documents/ei/Blackjack/score.vhf sub01/vhpl180 1480978759
AR oneto13cnt behavioral C:/Users/Earth/Documents/ei/Blackjack/oneto13cnt.vhf sub00/vhpl39 1480978736
EN cd4ce_mxilinx_frequenzy NULL C:/Users/Earth/Documents/ei/Blackjack/frequenzy.vhf sub00/vhpl08 1480978643
AR mod10_muser_playercard behavioral C:/Users/Earth/Documents/ei/Blackjack/playerCard.vhf sub01/vhpl137 1480978746
AR ftce_mxilinx_score behavioral C:/Users/Earth/Documents/ei/Blackjack/score.vhf sub01/vhpl161 1480978766
AR ftce_mxilinx_oneto13cnt behavioral C:/Users/Earth/Documents/ei/Blackjack/oneto13cnt.vhf sub00/vhpl35 1480978732
EN compm4_mxilinx_playercard NULL C:/Users/Earth/Documents/ei/Blackjack/playerCard.vhf sub01/vhpl134 1480978739
EN adsu4_mxilinx_playercard NULL C:/Users/Earth/Documents/ei/Blackjack/playerCard.vhf sub01/vhpl132 1480978743
AR cb2ce_mxilinx_score behavioral C:/Users/Earth/Documents/ei/Blackjack/score.vhf sub01/vhpl167 1480978772
